// Vitest Snapshot v1, https://vitest.dev/guide/snapshot.html

exports[`TbtNewsSection.vue > should match the snapshot 1`] = `
"<section data-v-6e41aa24="">
  <h2 data-v-6e41aa24="">News</h2>
  <ul data-v-6e41aa24="" class="news-list">
    <li data-v-6e41aa24=""><span data-v-6e41aa24="" class="new-blink">NEW</span> M3-2024秋に参加予定です！ </li>
    <li data-v-6e41aa24=""><a data-v-6e41aa24="" href="https://twitter.com/tbt_cf">公式Twitterアカウント</a> 作りました！最新情報をつぶやいていきます！ </li>
  </ul>
  <p data-v-6e41aa24=""></p>
</section>"
`;
