// Vitest Snapshot v1, https://vitest.dev/guide/snapshot.html

exports[`index.vue > should match the snapshot 1`] = `
<div
  id="app"
>
  <nav
    class="menu-container"
    data-v-dac04fc6=""
    id="menu-container"
  >
    <ul
      class="menu"
      data-v-dac04fc6=""
    >
      <li
        class="menu-item"
        data-v-dac04fc6=""
      >
        <a
          data-v-dac04fc6=""
        >
          
           トップ 
          
        </a>
      </li>
      <li
        class="menu-item"
        data-v-dac04fc6=""
      >
        <a
          data-v-dac04fc6=""
        >
          
           DISCOGRAPHY 
          
        </a>
      </li>
      <li
        class="menu-item"
        data-v-dac04fc6=""
      >
        <a
          data-v-dac04fc6=""
        >
          
           メンバー紹介 
          
        </a>
      </li>
      <li
        class="menu-item"
        data-v-dac04fc6=""
      >
        <a
          data-v-dac04fc6=""
        >
          
           びーにゃの部屋 
          
        </a>
      </li>
      <li
        class="menu-item"
        data-v-dac04fc6=""
      >
        <a
          data-v-dac04fc6=""
          href="https://teijigo.booth.pm/"
          target="_blank"
        >
           通販(BOOTH) 
        </a>
      </li>
    </ul>
  </nav>
  <div
    class="main-container"
    data-v-f32d09b1=""
    id="main-container"
  >
    <a
      data-v-f32d09b1=""
    >
      
      <img
        class="logo"
        data-v-abc21762=""
        data-v-f32d09b1=""
        src="/assets/logo_1.png"
      />
      
    </a>
    
    
    
    <footer
      class="footer"
      data-v-b680f940=""
    >
      <p
        data-v-b680f940=""
      >
        ©定時後ビールタイム
      </p>
    </footer>
    
  </div>
</div>
`;
