// Vitest Snapshot v1, https://vitest.dev/guide/snapshot.html

exports[`beenya.vue > should match the snapshot 1`] = `
"<div data-v-98f1776c="" class="beenya">
  <h1 data-v-2e7594c6="" data-v-98f1776c="" class="h1">びーにゃの部屋</h1><img data-v-98f1776c="" src="/src/assets/beenya.png" alt="びーにゃのイラスト" class="icon">
  <table data-v-98f1776c="" class="beenya-table">
    <tbody data-v-98f1776c="">
      <tr data-v-98f1776c="">
        <th data-v-98f1776c="" scope="row">名前</th>
        <td data-v-98f1776c="">びーにゃ</td>
      </tr>
      <tr data-v-98f1776c="">
        <th data-v-98f1776c="" scope="row">役割</th>
        <td data-v-98f1776c="">アイドル</td>
      </tr>
      <tr data-v-98f1776c="">
        <th data-v-98f1776c="" scope="row">自己紹介</th>
        <td data-v-98f1776c="">にゃにゃにゃにゃにゃにゃにゃー！(定時後ビールタイムだー！！)</td>
      </tr>
    </tbody>
  </table>
</div>"
`;
