// Vitest Snapshot v1, https://vitest.dev/guide/snapshot.html

exports[`beenya.vue > should match the snapshot 1`] = `
<div
  class="beenya"
  data-v-f862fa7f=""
>
  <h1
    class="h1"
    data-v-700e39a7=""
    data-v-f862fa7f=""
  >
    
    びーにゃの部屋
    
  </h1>
  <img
    alt="びーにゃのイラスト"
    class="icon"
    data-v-f862fa7f=""
    src="/assets/beenya.png"
  />
  <table
    class="beenya-table"
    data-v-f862fa7f=""
  >
    <tbody
      data-v-f862fa7f=""
    >
      <tr
        data-v-f862fa7f=""
      >
        <th
          data-v-f862fa7f=""
        >
          名前
        </th>
        <td
          data-v-f862fa7f=""
        >
          びーにゃ
        </td>
      </tr>
      <tr
        data-v-f862fa7f=""
      >
        <th
          data-v-f862fa7f=""
        >
          役割
        </th>
        <td
          data-v-f862fa7f=""
        >
          アイドル
        </td>
      </tr>
      <tr
        data-v-f862fa7f=""
      >
        <th
          data-v-f862fa7f=""
        >
          自己紹介
        </th>
        <td
          data-v-f862fa7f=""
        >
          にゃにゃにゃにゃにゃにゃにゃー！(定時後ビールタイムだー！！)
        </td>
      </tr>
    </tbody>
  </table>
</div>
`;
