// Vitest Snapshot v1, https://vitest.dev/guide/snapshot.html

exports[`beenya.vue > should match the snapshot 1`] = `
<div
  class="disco"
>
  <h1
    class="_h1_adaee0"
  >
    
    DISCOGRAPHY
    
  </h1>
  <section
    class="_section_7c249e"
  >
    
    <h2
      class="_h2_bd7be3 _albumTitle_6f40d0"
    >
      
       5th Mini Album 「RISING」 
      <span
        class="_blink_1fef76 _newsBlink_2db161"
      >
        
        NEW
        
      </span>
      
    </h2>
    <p
      class="_onSale_6f40d0"
    >
      <span
        class="_blink_1fef76"
      >
        
        2023.10.29 ON SALE!
        
      </span>
    </p>
    <img
      alt="5th Mini Album「Rising」のジャケット画像"
      class="_jacket_6f40d0"
      src="/assets/5th_mini_album_rising.png"
    />
    <table
      border="1"
      class="_table_52eca4"
    >
      <thead>
        <tr>
          <th>
            No
          </th>
          <th>
            曲名
          </th>
          <th>
            アーティスト
          </th>
          <th>
            クレジット
          </th>
        </tr>
      </thead>
      <tbody>
        
        <tr>
          <td
            class="_trackNo_52eca4"
          >
            1
          </td>
          <td>
            RISING
          </td>
          <td>
            マッキー
          </td>
          <!-- eslint-disable-next-line vue/no-v-html -->
          <td>
            作詞・作曲・歌：マッキー
          </td>
        </tr>
        <tr>
          <td
            class="_trackNo_52eca4"
          >
            2
          </td>
          <td>
            たまご生活
          </td>
          <td>
            hayu
          </td>
          <!-- eslint-disable-next-line vue/no-v-html -->
          <td>
            作曲：hayu
          </td>
        </tr>
        <tr>
          <td
            class="_trackNo_52eca4"
          >
            3
          </td>
          <td>
            Game is...
          </td>
          <td>
            ビール飲まない社員K
          </td>
          <!-- eslint-disable-next-line vue/no-v-html -->
          <td>
            作詞・作曲：ビール飲まない社員K
               
            <br />
            
               歌：知声、MYK-IV (VoiSona)
          </td>
        </tr>
        <tr>
          <td
            class="_trackNo_52eca4"
          >
            4
          </td>
          <td>
            はじまりのうた
          </td>
          <td>
            comorebi notes
          </td>
          <!-- eslint-disable-next-line vue/no-v-html -->
          <td>
            作詞・作曲：comorebi notes
               
            <br />
            
               歌：花隈千冬 (Synthesizer V Al)
          </td>
        </tr>
        
      </tbody>
    </table>
    <div
      class="_video_cc3109 _crossFade_6f40d0"
    >
      
      <iframe
        allow="autoplay; encrypted-media"
        allowfullscreen=""
        frameborder="0"
        height="315"
        src="https://www.youtube.com/embed/y83GedNBXfQ"
        width="560"
      />
      
    </div>
    
  </section>
  <hr />
  <section
    class="_section_7c249e"
  >
    
    <h2
      class="_h2_bd7be3 _albumTitle_6f40d0"
    >
      
       4th Mini Album 「BATTLE」 
      <span
        class="_blink_1fef76 _newsBlink_2db161"
      >
        
        NEW
        
      </span>
      
    </h2>
    <p
      class="_onSale_6f40d0"
    >
      <span
        class="_blink_1fef76"
      >
        
        2021.4.25 ON SALE！
        
      </span>
    </p>
    <img
      alt="4st Mini Album「BATTLE」のジャケット画像"
      class="_jacket_6f40d0"
      src="/assets/4st_mini_album_battle.png"
    />
    <table
      border="1"
      class="_table_52eca4"
    >
      <thead>
        <tr>
          <th>
            No
          </th>
          <th>
            曲名
          </th>
          <th>
            アーティスト
          </th>
          <th>
            クレジット
          </th>
        </tr>
      </thead>
      <tbody>
        
        <tr>
          <td
            class="_trackNo_52eca4"
          >
            1
          </td>
          <td>
            作業中にソフトが落ちた
          </td>
          <td>
            マッキー
          </td>
          <!-- eslint-disable-next-line vue/no-v-html -->
          <td>
            作詞・作曲・歌：マッキー
          </td>
        </tr>
        <tr>
          <td
            class="_trackNo_52eca4"
          >
            2
          </td>
          <td>
            ノラネコ大戦争
          </td>
          <td>
            u13
          </td>
          <!-- eslint-disable-next-line vue/no-v-html -->
          <td>
            作曲：u13
          </td>
        </tr>
        <tr>
          <td
            class="_trackNo_52eca4"
          >
            3
          </td>
          <td>
            anatra falcata
          </td>
          <td>
            comorebi notes
          </td>
          <!-- eslint-disable-next-line vue/no-v-html -->
          <td>
            作曲：comorebi notes
          </td>
        </tr>
        <tr>
          <td
            class="_trackNo_52eca4"
          >
            4
          </td>
          <td>
            旋風
          </td>
          <td>
            ビール飲まない社員K
          </td>
          <!-- eslint-disable-next-line vue/no-v-html -->
          <td>
            作曲：ビール飲まない社員K
          </td>
        </tr>
        
      </tbody>
    </table>
    <div
      class="_video_cc3109 _crossFade_6f40d0"
    >
      
      <iframe
        allow="autoplay; encrypted-media"
        allowfullscreen=""
        frameborder="0"
        height="315"
        src="https://www.youtube.com/embed/29UhRyb4hJg"
        width="560"
      />
      
    </div>
    
  </section>
  <hr />
  <section
    class="_section_7c249e"
  >
    
    <h2
      class="_h2_bd7be3 _albumTitle_6f40d0"
    >
      
       3nd Mini Album 「RECYCLE」 
      
    </h2>
    <p
      class="_onSale_6f40d0"
    >
      <span
        class="_blink_1fef76"
      >
        
        2019.10.27 ON SALE！
        
      </span>
    </p>
    <img
      alt="3st Mini Album「RECYCLE」のジャケット画像"
      class="_jacket_6f40d0"
      src="/assets/3st_mini_album_recycle_jacket.png"
    />
    <table
      border="1"
      class="_table_52eca4"
    >
      <thead>
        <tr>
          <th>
            No
          </th>
          <th>
            曲名
          </th>
          <th>
            アーティスト
          </th>
          <th>
            クレジット
          </th>
        </tr>
      </thead>
      <tbody>
        
        <tr>
          <td
            class="_trackNo_52eca4"
          >
            1
          </td>
          <td>
            paellero
          </td>
          <td>
            comorebi notes
          </td>
          <!-- eslint-disable-next-line vue/no-v-html -->
          <td>
            作詞・作曲・歌：comorebi notes
          </td>
        </tr>
        <tr>
          <td
            class="_trackNo_52eca4"
          >
            2
          </td>
          <td>
            Carry on
          </td>
          <td>
            マッキー
          </td>
          <!-- eslint-disable-next-line vue/no-v-html -->
          <td>
            作詞・作曲：マッキー
               
            <br />
            
               歌：マッキー feat. IA
          </td>
        </tr>
        <tr>
          <td
            class="_trackNo_52eca4"
          >
            3
          </td>
          <td>
            大都会フォーエバー
          </td>
          <td>
            comorebi notes
          </td>
          <!-- eslint-disable-next-line vue/no-v-html -->
          <td>
            作詞・作曲：comorebi notes
               
            <br />
            
               歌：IA
          </td>
        </tr>
        <tr>
          <td
            class="_trackNo_52eca4"
          >
            4
          </td>
          <td>
            tanabatight
          </td>
          <td>
            u13
          </td>
          <!-- eslint-disable-next-line vue/no-v-html -->
          <td>
            作曲：u13
          </td>
        </tr>
        
      </tbody>
    </table>
    <div
      class="_video_cc3109 _crossFade_6f40d0"
    >
      
      <iframe
        allow="autoplay; encrypted-media"
        allowfullscreen=""
        frameborder="0"
        height="315"
        src="https://www.youtube.com/embed/L_DAzJq4tgg"
        width="560"
      />
      
    </div>
    
  </section>
  <hr />
  <section
    class="_section_7c249e"
  >
    
    <h2
      class="_h2_bd7be3 _albumTitle_6f40d0"
    >
      
       2nd Mini Album 「START」 
      
    </h2>
    <p
      class="_onSale_6f40d0"
    >
      <span
        class="_blink_1fef76"
      >
        
        2019.04.27 ON SALE！
        
      </span>
    </p>
    <img
      alt="2st Mini Album「Start」のジャケット画像"
      class="_jacket_6f40d0"
      src="/assets/2st_mini_album_start_jacket.png"
    />
    <table
      border="1"
      class="_table_52eca4"
    >
      <thead>
        <tr>
          <th>
            No
          </th>
          <th>
            曲名
          </th>
          <th>
            アーティスト
          </th>
          <th>
            クレジット
          </th>
        </tr>
      </thead>
      <tbody>
        
        <tr>
          <td
            class="_trackNo_52eca4"
          >
            1
          </td>
          <td>
            桜風狂想
          </td>
          <td>
            Pecan nene.
          </td>
          <!-- eslint-disable-next-line vue/no-v-html -->
          <td>
            作曲：ビール飲まない社員K
            <br />
            
               作詞：ビール飲まない社員K、みーやん
            <br />
            
               歌：みーやん
          </td>
        </tr>
        <tr>
          <td
            class="_trackNo_52eca4"
          >
            2
          </td>
          <td>
            未来ヒーロー
          </td>
          <td>
            マッキー
          </td>
          <!-- eslint-disable-next-line vue/no-v-html -->
          <td>
            作詞・作曲：マッキー
            <br />
            
               歌：IA
          </td>
        </tr>
        <tr>
          <td
            class="_trackNo_52eca4"
          >
            3
          </td>
          <td>
            ストロボサイン
          </td>
          <td>
            tan3-16
          </td>
          <!-- eslint-disable-next-line vue/no-v-html -->
          <td>
            作詞・作曲：u13
            <br />
            
               編曲：comorebi notes
            <br />
            
               歌：フナモトアユミ
          </td>
        </tr>
        <tr>
          <td
            class="_trackNo_52eca4"
          >
            4
          </td>
          <td>
            桜花
          </td>
          <td>
            珍珠奶茶
          </td>
          <!-- eslint-disable-next-line vue/no-v-html -->
          <td>
            企画：WestTail
            <br />
            
               作曲：comorebi notes
            <br />
            
               作詞：台湾豆乳を飲む人
            <br />
            
               歌：Shiho (the Clock Hands)
          </td>
        </tr>
        
      </tbody>
    </table>
    <div
      class="_video_cc3109 _crossFade_6f40d0"
    >
      
      <iframe
        allow="autoplay; encrypted-media"
        allowfullscreen=""
        frameborder="0"
        height="315"
        src="https://www.youtube.com/embed/IxTdbkoGM-Q"
        width="560"
      />
      
    </div>
    
  </section>
  <hr />
  <section
    class="_section_7c249e"
  >
    
    <h2
      class="_h2_bd7be3 _albumTitle_6f40d0"
    >
      
      1st Mini Album「HOPE」
      
    </h2>
    <p
      class="_onSale_6f40d0"
    >
      <span
        class="_blink_1fef76"
      >
        
        2018.10.28 ON SALE！
        
      </span>
    </p>
    <img
      alt="1st CD「HOPE」のジャケット画像"
      class="_jacket_6f40d0"
      src="/assets/1st_hope_jacket.png"
    />
    <table
      border="1"
      class="_table_52eca4"
    >
      <thead>
        <tr>
          <th>
            No
          </th>
          <th>
            曲名
          </th>
          <th>
            アーティスト
          </th>
          <!--v-if-->
        </tr>
      </thead>
      <tbody>
        
        <tr>
          <td
            class="_trackNo_52eca4"
          >
            1
          </td>
          <td>
            Alive
          </td>
          <td>
            WestTail feat. ruha
          </td>
          <!-- eslint-disable-next-line vue/no-v-html -->
          <!--v-if-->
        </tr>
        <tr>
          <td
            class="_trackNo_52eca4"
          >
            2
          </td>
          <td>
            cresc.
          </td>
          <td>
            きむらじお feat.フナモトアユミ
          </td>
          <!-- eslint-disable-next-line vue/no-v-html -->
          <!--v-if-->
        </tr>
        <tr>
          <td
            class="_trackNo_52eca4"
          >
            3
          </td>
          <td>
            瞬間
          </td>
          <td>
            山口真央 feat. すぴか
          </td>
          <!-- eslint-disable-next-line vue/no-v-html -->
          <!--v-if-->
        </tr>
        <tr>
          <td
            class="_trackNo_52eca4"
          >
            4
          </td>
          <td>
            Calling
          </td>
          <td>
            NY2 feat. フナモトアユミ
          </td>
          <!-- eslint-disable-next-line vue/no-v-html -->
          <!--v-if-->
        </tr>
        <tr>
          <td
            class="_trackNo_52eca4"
          >
            5
          </td>
          <td>
            Diary
          </td>
          <td>
            u13 feat. フナモトアユミ
          </td>
          <!-- eslint-disable-next-line vue/no-v-html -->
          <!--v-if-->
        </tr>
        <tr>
          <td
            class="_trackNo_52eca4"
          >
            6
          </td>
          <td>
            ハルカユーグレハナヤイデ
          </td>
          <td>
            comorebi notes
          </td>
          <!-- eslint-disable-next-line vue/no-v-html -->
          <!--v-if-->
        </tr>
        
      </tbody>
    </table>
    <div
      class="_video_cc3109 _crossFade_6f40d0"
    >
      
      <iframe
        allow="autoplay; encrypted-media"
        allowfullscreen=""
        frameborder="0"
        height="315"
        src="https://www.youtube.com/embed/KE3It-tas0Y?rel=0"
        width="560"
      />
      
    </div>
    
  </section>
</div>
`;
