// Vitest Snapshot v1, https://vitest.dev/guide/snapshot.html

exports[`index.vue > should match the snapshot 1`] = `
<div
  class="Top"
>
  <h1
    class="h1"
    data-v-700e39a7=""
  >
    
    <span
      class="blink"
      data-v-119b1dde=""
    >
      
      定時後ビールタイム公式サイト
      
    </span>
    
  </h1>
  <p>
    <span
      class="blink"
      data-v-119b1dde=""
    >
      
      🎉🎉🎉🎉🎉🎉🎉M3-2023秋参戦決定！🎉🎉🎉🎉🎉🎉
      
    </span>
  </p>
  <div
    class="marquee"
    data-v-3e2741bf=""
  >
    <div
      class="marquee-inner"
      data-v-3e2741bf=""
    >
      
       M3-2023秋に参戦！パワーアップしたサウンドをお届けします！ 
      
    </div>
  </div>
  <section
    class="section"
    data-v-449c662a=""
  >
    
    <h2
      class="h2"
      data-v-ad5d9b6c=""
    >
      
      アクセスカウンター
      
    </h2>
    <p>
      あなたは0004999999999999人目の訪問者です。
    </p>
    
  </section>
  <section
    class="section"
    data-v-449c662a=""
    data-v-af1e61d6=""
  >
    
    <h2
      class="h2"
      data-v-ad5d9b6c=""
      data-v-af1e61d6=""
    >
      
      News
      
    </h2>
    <ul
      class="news-list"
      data-v-af1e61d6=""
    >
      <li
        data-v-af1e61d6=""
      >
        <span
          class="blink news-blink"
          data-v-119b1dde=""
          data-v-a37dc815=""
          data-v-af1e61d6=""
        >
          
          NEW
          
        </span>
         M3-2023秋に参戦に参加予定です！ 
      </li>
      <li
        data-v-af1e61d6=""
      >
        <a
          data-v-af1e61d6=""
          href="https://twitter.com/tbt_cf"
        >
          公式Twitterアカウント
        </a>
         作りました！最新情報をつぶやいていきます！ 
      </li>
    </ul>
    <p
      data-v-af1e61d6=""
    />
    
  </section>
  <section
    class="section"
    data-v-449c662a=""
    data-v-53a1cf47=""
  >
    
    <h2
      class="h2"
      data-v-53a1cf47=""
      data-v-ad5d9b6c=""
    >
      
      サークルカット
      
    </h2>
    <img
      alt="サークルカット"
      class="circle-cut"
      data-v-53a1cf47=""
      src="/assets/cut.png"
    />
    
  </section>
  <section
    class="section"
    data-v-0e36659f=""
    data-v-449c662a=""
  >
    
    <h2
      class="h2"
      data-v-0e36659f=""
      data-v-ad5d9b6c=""
    >
      
      M3-2023秋スペース配置
      
    </h2>
    <table
      border="1"
      class="space-table"
      data-v-0e36659f=""
    >
      <tbody
        data-v-0e36659f=""
      >
        <tr
          data-v-0e36659f=""
        >
          <th
            data-v-0e36659f=""
          >
            サークル名
          </th>
          <td
            data-v-0e36659f=""
          >
            定時後ビールタイム
          </td>
        </tr>
        <tr
          data-v-0e36659f=""
        >
          <th
            data-v-0e36659f=""
          >
            配置場所
          </th>
          <td
            data-v-0e36659f=""
          >
            リアルイベントスペース
          </td>
        </tr>
        <tr
          data-v-0e36659f=""
        >
          <th
            data-v-0e36659f=""
          >
            スペース番号
          </th>
          <td
            data-v-0e36659f=""
          >
            い-16a
          </td>
        </tr>
      </tbody>
    </table>
    <section
      class="section"
      data-v-0e36659f=""
      data-v-449c662a=""
    >
      
      <h3
        class="h3"
        data-v-0e36659f=""
        data-v-d18466b7=""
      >
        
        M3-2023秋
        
      </h3>
      <p
        data-v-0e36659f=""
      >
        日時：2023年10月29日(日)
      </p>
      <a
        data-v-0e36659f=""
        href="http://www.m3net.jp/"
      >
        M3公式サイト
      </a>
      
    </section>
    <section
      class="section"
      data-v-0e36659f=""
      data-v-449c662a=""
    >
      
      <h3
        class="h3"
        data-v-0e36659f=""
        data-v-d18466b7=""
      >
        
        頒布CDクロスフェード
        
      </h3>
      <p
        data-v-0e36659f=""
      >
        Coming Soon...
      </p>
      
    </section>
    
  </section>
  <section
    class="section"
    data-v-449c662a=""
  >
    
    <h2
      class="h2"
      data-v-ad5d9b6c=""
    >
      
      連絡先
      
    </h2>
    <p>
       お問い合わせは
      <a
        href="mailto:staff@teijigo-beer-ti.me"
      >
        staff🍺teijigo-beer-ti.me
      </a>
      （🍺を@マークに変える）にお願いします。 
    </p>
    
  </section>
  <section
    class="section"
    data-v-449c662a=""
  >
    
    <h2
      class="h2"
      data-v-ad5d9b6c=""
    >
      
      メニュー
      
    </h2>
    <p>
      <a>
        
         ＞＞＞＞DISCOGRAPHY＜＜＜＜ 
        
      </a>
    </p>
    <p>
      <a>
        
         🍺🍺🍺🍺️メンバー紹介🍺🍺🍺🍺 
        
      </a>
    </p>
    
  </section>
</div>
`;
