// Vitest Snapshot v1, https://vitest.dev/guide/snapshot.html

exports[`member.vue > should match the snapshot 1`] = `
"<div data-v-d77e50d5="" class="member">
  <h1 data-v-2e7594c6="" data-v-d77e50d5="" class="h1">MEMBER</h1>
  <table data-v-d77e50d5="" class="member-table">
    <thead data-v-d77e50d5="">
      <tr data-v-d77e50d5="">
        <th data-v-d77e50d5="" scope="col">名前</th>
        <th data-v-d77e50d5="" scope="col">担当</th>
        <th data-v-d77e50d5="" scope="col">自己紹介</th>
      </tr>
    </thead>
    <tbody data-v-d77e50d5="">
      <tr data-v-d77e50d5="">
        <td data-v-d77e50d5="">さかもとP</td><!-- eslint-disable-next-line vue/no-v-html -->
        <td data-v-d77e50d5="">なばかりプロデューサー兼テイジゴビールタイマー</td><!-- eslint-disable-next-line vue/no-v-html -->
        <td data-v-d77e50d5="">ビール大好き！！！！！！</td>
      </tr>
      <tr data-v-d77e50d5="">
        <td data-v-d77e50d5="">ビール飲まない社員K</td><!-- eslint-disable-next-line vue/no-v-html -->
        <td data-v-d77e50d5="">人の褌や自分の褌で相撲を取ったりする
          <br>
          （主にトラックメーカー）
        </td><!-- eslint-disable-next-line vue/no-v-html -->
        <td data-v-d77e50d5="">ビールじゃなくてハイボールなら飲みます。
          <br>
          定時後ハイボールタイム、よろしこ
        </td>
      </tr>
      <tr data-v-d77e50d5="">
        <td data-v-d77e50d5="">yokizo</td><!-- eslint-disable-next-line vue/no-v-html -->
        <td data-v-d77e50d5="">えらそーにする</td><!-- eslint-disable-next-line vue/no-v-html -->
        <td data-v-d77e50d5="">リハビリ中で戦力になれないので、えらそーにしてます。</td>
      </tr>
      <tr data-v-d77e50d5="">
        <td data-v-d77e50d5="">WestTail</td><!-- eslint-disable-next-line vue/no-v-html -->
        <td data-v-d77e50d5="">ProTools見習い</td><!-- eslint-disable-next-line vue/no-v-html -->
        <td data-v-d77e50d5="">周囲の素晴らしい才能をリスペクトしつつ頑張りたいと思います</td>
      </tr>
      <tr data-v-d77e50d5="">
        <td data-v-d77e50d5="">ケロ</td><!-- eslint-disable-next-line vue/no-v-html -->
        <td data-v-d77e50d5="">ミュージさん</td><!-- eslint-disable-next-line vue/no-v-html -->
        <td data-v-d77e50d5="">ウィットに富んだフレキシブルな音楽でナウなヤングにバカウケ</td>
      </tr>
      <tr data-v-d77e50d5="">
        <td data-v-d77e50d5="">Gutch</td><!-- eslint-disable-next-line vue/no-v-html -->
        <td data-v-d77e50d5="">曲に効果音を突っ込む</td><!-- eslint-disable-next-line vue/no-v-html -->
        <td data-v-d77e50d5="">ビール飲めない！！！！！</td>
      </tr>
      <tr data-v-d77e50d5="">
        <td data-v-d77e50d5="">みーやん</td><!-- eslint-disable-next-line vue/no-v-html -->
        <td data-v-d77e50d5="">ハモるの大好きはもりびと</td><!-- eslint-disable-next-line vue/no-v-html -->
        <td data-v-d77e50d5="">ボーカルじゃなくてコーラスが得意</td>
      </tr>
      <tr data-v-d77e50d5="">
        <td data-v-d77e50d5="">台湾豆乳を飲む人</td><!-- eslint-disable-next-line vue/no-v-html -->
        <td data-v-d77e50d5="">作業に参加しない係</td><!-- eslint-disable-next-line vue/no-v-html -->
        <td data-v-d77e50d5="">ﾆﾎﾝｺﾞワカリマセン</td>
      </tr>
      <tr data-v-d77e50d5="">
        <td data-v-d77e50d5="">マッキー</td><!-- eslint-disable-next-line vue/no-v-html -->
        <td data-v-d77e50d5="">BPM200以上</td><!-- eslint-disable-next-line vue/no-v-html -->
        <td data-v-d77e50d5="">お酒大好き！！！！！！</td>
      </tr>
      <tr data-v-d77e50d5="">
        <td data-v-d77e50d5="">Ag+</td><!-- eslint-disable-next-line vue/no-v-html -->
        <td data-v-d77e50d5="">テレアポ</td><!-- eslint-disable-next-line vue/no-v-html -->
        <td data-v-d77e50d5="">どこでもアポとります！</td>
      </tr>
      <tr data-v-d77e50d5="">
        <td data-v-d77e50d5="">管理人MAKO</td><!-- eslint-disable-next-line vue/no-v-html -->
        <td data-v-d77e50d5="">サイトの管理とお茶汲み</td><!-- eslint-disable-next-line vue/no-v-html -->
        <td data-v-d77e50d5="">サイトの管理人です。
          <br>
          音楽作れないのでホムペ担当になりました。
          <br>
          昔懐かしい雰囲気のサイトを作って行きたいと思います！
        </td>
      </tr>
    </tbody>
  </table>
</div>"
`;
