// Vitest Snapshot v1, https://vitest.dev/guide/snapshot.html

exports[`index.vue > should match the snapshot 1`] = `
<div
  class="member"
  data-v-a6953055=""
>
  <h1
    class="h1"
    data-v-887c42ec=""
    data-v-a6953055=""
  >
    
    MEMBER
    
  </h1>
  <table
    class="member-table"
    data-v-a6953055=""
  >
    <thead
      data-v-a6953055=""
    >
      <tr
        data-v-a6953055=""
      >
        <th
          data-v-a6953055=""
        >
          名前
        </th>
        <th
          data-v-a6953055=""
        >
          担当
        </th>
        <th
          data-v-a6953055=""
        >
          自己紹介
        </th>
      </tr>
    </thead>
    <tbody
      data-v-a6953055=""
    >
      
      <tr
        data-v-a6953055=""
      >
        <td
          data-v-a6953055=""
        >
          さかもとP
        </td>
        <!-- eslint-disable-next-line vue/no-v-html -->
        <td
          data-v-a6953055=""
        >
          なばかりプロデューサー兼テイジゴビールタイマー
        </td>
        <!-- eslint-disable-next-line vue/no-v-html -->
        <td
          data-v-a6953055=""
        >
          ビール大好き！！！！！！
        </td>
      </tr>
      <tr
        data-v-a6953055=""
      >
        <td
          data-v-a6953055=""
        >
          ビール飲まない社員K
        </td>
        <!-- eslint-disable-next-line vue/no-v-html -->
        <td
          data-v-a6953055=""
        >
          人の褌や自分の褌で相撲を取ったりする

          <br />
          
（主にトラックメーカー）
        </td>
        <!-- eslint-disable-next-line vue/no-v-html -->
        <td
          data-v-a6953055=""
        >
          ビールじゃなくてハイボールなら飲みます。

          <br />
          
定時後ハイボールタイム、よろしこ
        </td>
      </tr>
      <tr
        data-v-a6953055=""
      >
        <td
          data-v-a6953055=""
        >
          yokizo
        </td>
        <!-- eslint-disable-next-line vue/no-v-html -->
        <td
          data-v-a6953055=""
        >
          えらそーにする
        </td>
        <!-- eslint-disable-next-line vue/no-v-html -->
        <td
          data-v-a6953055=""
        >
          リハビリ中で戦力になれないので、えらそーにしてます。
        </td>
      </tr>
      <tr
        data-v-a6953055=""
      >
        <td
          data-v-a6953055=""
        >
          WestTail
        </td>
        <!-- eslint-disable-next-line vue/no-v-html -->
        <td
          data-v-a6953055=""
        >
          ProTools見習い
        </td>
        <!-- eslint-disable-next-line vue/no-v-html -->
        <td
          data-v-a6953055=""
        >
          周囲の素晴らしい才能をリスペクトしつつ頑張りたいと思います
        </td>
      </tr>
      <tr
        data-v-a6953055=""
      >
        <td
          data-v-a6953055=""
        >
          ケロ
        </td>
        <!-- eslint-disable-next-line vue/no-v-html -->
        <td
          data-v-a6953055=""
        >
          ミュージさん
        </td>
        <!-- eslint-disable-next-line vue/no-v-html -->
        <td
          data-v-a6953055=""
        >
          ウィットに富んだフレキシブルな音楽でナウなヤングにバカウケ
        </td>
      </tr>
      <tr
        data-v-a6953055=""
      >
        <td
          data-v-a6953055=""
        >
          Gutch
        </td>
        <!-- eslint-disable-next-line vue/no-v-html -->
        <td
          data-v-a6953055=""
        >
          曲に効果音を突っ込む
        </td>
        <!-- eslint-disable-next-line vue/no-v-html -->
        <td
          data-v-a6953055=""
        >
          ビール飲めない！！！！！
        </td>
      </tr>
      <tr
        data-v-a6953055=""
      >
        <td
          data-v-a6953055=""
        >
          みーやん
        </td>
        <!-- eslint-disable-next-line vue/no-v-html -->
        <td
          data-v-a6953055=""
        >
          ハモるの大好きはもりびと
        </td>
        <!-- eslint-disable-next-line vue/no-v-html -->
        <td
          data-v-a6953055=""
        >
          ボーカルじゃなくてコーラスが得意
        </td>
      </tr>
      <tr
        data-v-a6953055=""
      >
        <td
          data-v-a6953055=""
        >
          台湾豆乳を飲む人
        </td>
        <!-- eslint-disable-next-line vue/no-v-html -->
        <td
          data-v-a6953055=""
        >
          作業に参加しない係
        </td>
        <!-- eslint-disable-next-line vue/no-v-html -->
        <td
          data-v-a6953055=""
        >
          ﾆﾎﾝｺﾞワカリマセン
        </td>
      </tr>
      <tr
        data-v-a6953055=""
      >
        <td
          data-v-a6953055=""
        >
          マッキー
        </td>
        <!-- eslint-disable-next-line vue/no-v-html -->
        <td
          data-v-a6953055=""
        >
          BPM200以上
        </td>
        <!-- eslint-disable-next-line vue/no-v-html -->
        <td
          data-v-a6953055=""
        >
          お酒大好き！！！！！！
        </td>
      </tr>
      <tr
        data-v-a6953055=""
      >
        <td
          data-v-a6953055=""
        >
          Ag+
        </td>
        <!-- eslint-disable-next-line vue/no-v-html -->
        <td
          data-v-a6953055=""
        >
          テレアポ
        </td>
        <!-- eslint-disable-next-line vue/no-v-html -->
        <td
          data-v-a6953055=""
        >
          どこでもアポとります！
        </td>
      </tr>
      <tr
        data-v-a6953055=""
      >
        <td
          data-v-a6953055=""
        >
          管理人MAKO
        </td>
        <!-- eslint-disable-next-line vue/no-v-html -->
        <td
          data-v-a6953055=""
        >
          サイトの管理とお茶汲み
        </td>
        <!-- eslint-disable-next-line vue/no-v-html -->
        <td
          data-v-a6953055=""
        >
          サイトの管理人です。

          <br />
          
音楽作れないのでホムペ担当になりました。

          <br />
          
昔懐かしい雰囲気のサイトを作って行きたいと思います！
        </td>
      </tr>
      
    </tbody>
  </table>
</div>
`;
