// Jest Snapshot v1, https://goo.gl/fbAQLP

exports[`Disco.vue should match the snapshot 1`] = `
<div
  id="app"
>
  <nav
    class="menuContainer"
    id="menu-container"
  >
    <ul
      class="menu"
    >
      <li
        class="menuItem"
      >
        <a
          class="router-link-exact-active router-link-active"
          href="/"
        >
          
        トップ
      
        </a>
      </li>
       
      <li
        class="menuItem"
      >
        <a
          class=""
          href="/disco"
        >
          
        DISCOGRAPHY
      
        </a>
      </li>
       
      <li
        class="menuItem"
      >
        <a
          class=""
          href="/member"
        >
          
        メンバー紹介
      
        </a>
      </li>
       
      <li
        class="menuItem"
      >
        <a
          class=""
          href="/bbs"
        >
          
        一言掲示板
      
        </a>
      </li>
       
      <li
        class="menuItem"
      >
        <a
          class=""
          href="/beenya"
        >
          
        びーにゃの部屋
      
        </a>
      </li>
    </ul>
  </nav>
   
  <div
    class="mainContainer"
    id="main-container"
  >
    <a
      class="router-link-exact-active router-link-active"
      href="/"
    >
      <img
        class="logo"
        src="@/assets/logo_1.png"
      />
    </a>
     
    <div
      class="disco"
    >
      <h1
        class="h1"
      >
        DISCOGRAPHY
      </h1>
       
      <section>
        <h2
          class="h2 albumTitle"
        >
          1st Mini Album「HOPE」
        </h2>
         
        <p
          class="onSale"
        >
          <span
            class="blink"
          >
            2018.10.28 ON SALE！
          </span>
        </p>
         
        <img
          alt="1st CD「HOPE」のジェケット画像"
          class="jacket"
          src="@/assets/1st_hope_jacket.png"
        />
         
        <table
          border="1"
          class="table"
        >
          <thead>
            <tr>
              <th>
                No
              </th>
               
              <th>
                曲名
              </th>
               
              <th>
                アーティスト
              </th>
            </tr>
          </thead>
           
          <tbody>
            <tr>
              <td
                class="trackNo"
              >
                1
              </td>
               
              <td>
                Alive
              </td>
               
              <td>
                WestTail feat. ruha
              </td>
            </tr>
             
            <tr>
              <td
                class="trackNo"
              >
                2
              </td>
               
              <td>
                cresc.
              </td>
               
              <td>
                きむらじお feat.フナモトアユミ
              </td>
            </tr>
             
            <tr>
              <td
                class="trackNo"
              >
                3
              </td>
               
              <td>
                瞬間
              </td>
               
              <td>
                山口真央 feat. すぴか
              </td>
            </tr>
             
            <tr>
              <td
                class="trackNo"
              >
                4
              </td>
               
              <td>
                Calling
              </td>
               
              <td>
                NY2 feat. フナモトアユミ
              </td>
            </tr>
             
            <tr>
              <td
                class="trackNo"
              >
                5
              </td>
               
              <td>
                Diary
              </td>
               
              <td>
                u13 feat. フナモトアユミ
              </td>
            </tr>
             
            <tr>
              <td
                class="trackNo"
              >
                6
              </td>
               
              <td>
                ハルカユーグレハナヤイデ
              </td>
               
              <td>
                comorebi notes
              </td>
            </tr>
          </tbody>
        </table>
      </section>
    </div>
     
    <footer
      class="footer"
    >
      <p>
        ©定時後ビールタイム
      </p>
    </footer>
  </div>
</div>
`;
