// Jest Snapshot v1, https://goo.gl/fbAQLP

exports[`Disco.vue should match the snapshot 1`] = `
<div
  id="app"
>
  <nav
    id="menu-container"
  >
    <ul
      class="menu"
    >
      <li
        class="menu-item"
      >
        <a
          class="router-link-active"
          href="/"
        >
          
          トップ
        
        </a>
      </li>
       
      <li
        class="menu-item"
      >
        <a
          class=""
          href="/disco"
        >
          
          DISCOGRAPHY
        
        </a>
      </li>
       
      <li
        class="menu-item"
      >
        <a
          class=""
          href="/member"
        >
          
          メンバー紹介
        
        </a>
      </li>
       
      <li
        class="menu-item"
      >
        <a
          class=""
          href="/bbs"
        >
          
          一言掲示板
        
        </a>
      </li>
    </ul>
  </nav>
   
  <div
    id="main-container"
  >
    <a
      class="router-link-active"
      href="/"
    >
      <img
        class="logo"
        src="@/assets/logo_1.png"
      />
    </a>
     
    <div
      class="disco"
    >
      <!---->
       
      <p>
        ★★★★★★★工事中★★★★★★★
      </p>
       
      <img
        alt="工事作業員のイラスト「おじぎ・お詫び」"
        src="@/assets/job_kouji_ojigi.png"
      />
    </div>
     
    <footer>
      <p>
        ©定時後ビールタイム
      </p>
    </footer>
  </div>
</div>
`;
