// Jest Snapshot v1, https://goo.gl/fbAQLP

exports[`Top.vue should match the snapshot 1`] = `
<div
  id="app"
>
  <nav
    class="menuContainer"
    id="menu-container"
  >
    <ul
      class="menu"
    >
      <li
        class="menuItem"
      >
        <a
          class="router-link-active"
          href="/"
        >
          
        トップ
      
        </a>
      </li>
       
      <li
        class="menuItem"
      >
        <a
          class=""
          href="/disco"
        >
          
        DISCOGRAPHY
      
        </a>
      </li>
       
      <li
        class="menuItem"
      >
        <a
          class=""
          href="/member"
        >
          
        メンバー紹介
      
        </a>
      </li>
       
      <li
        class="menuItem"
      >
        <a
          class=""
          href="/bbs"
        >
          
        一言掲示板
      
        </a>
      </li>
    </ul>
  </nav>
   
  <div
    class="mainContainer"
    id="main-container"
  >
    <a
      class="router-link-active"
      href="/"
    >
      <img
        class="logo"
        src="@/assets/logo_1.png"
      />
    </a>
     
    <div
      class="top"
    >
      <h1
        class="h1 blink"
      >
        定時後ビールタイム公式サイト
      </h1>
       
      <p
        class="blink"
      >
        🎉🎉🎉🎉🎉🎉🎉祝！M3当選！🎉🎉🎉🎉🎉🎉
      </p>
       
      <div
        class="marquee"
      >
        <div
          class="marqueeInner"
        >
          
      M3-2018秋 参戦決定！！！！衝撃のデビューを見逃すな！！！！
    
        </div>
      </div>
       
      <section
        class="section"
      >
        <h2
          class="h2"
        >
          アクセスカウンター
        </h2>
         
        <p>
          あなたは0人目の訪問者です。
        </p>
         
        <p>
          現在の累計訪問者数は0人です。
        </p>
         
        <small>
          <a
            class=""
            href="/bbs"
          >
            キリ番報告はこちらで！！！
          </a>
        </small>
      </section>
       
      <section
        class="section"
      >
        <h2
          class="h2"
        >
          サークルカット
        </h2>
         
        <img
          alt="サークルカット"
          class="circleCut"
          src="@/assets/cut.png"
        />
      </section>
       
      <p>
        <a
          class=""
          href="/disco"
        >
          
        ＞＞＞＞DISCOGRAPHY＜＜＜＜
      
        </a>
      </p>
       
      <p>
        <a
          class=""
          href="/bbs"
        >
          
        ★★★★★一言掲示板★★★★★
      
        </a>
      </p>
       
      <p>
        <a
          class=""
          href="/member"
        >
          
        🍺🍺🍺🍺️メンバー紹介🍺🍺🍺🍺
      
        </a>
      </p>
    </div>
     
    <footer
      class="footer"
    >
      <p>
        ©定時後ビールタイム
      </p>
    </footer>
  </div>
</div>
`;
